*****************
*** Задание 2 ***
*****************
mysql> use example;
Database changed
mysql> create table users (id INT, name VARCHAR(100));
Query OK, 0 rows affected (0.02 sec)

mysql> exit
Bye

*****************
*** Задание 3 ***
*****************
➜  mysql mysqldump example > example.sql
➜  mysql ls
MacBook-Pro-Aleksey.local.err ca.pem                        example.sql                   ibdata1                       private_key.pem               shop
MacBook-Pro-Aleksey.local.pid client-cert.pem               ib_buffer_pool                ibtmp1                        public_key.pem                sys
auto.cnf                      client-key.pem                ib_logfile0                   mysql                         server-cert.pem
ca-key.pem                    example                       ib_logfile1                   performance_schema            server-key.pem
➜  mysql mysql sample < example.sql
ERROR 1049 (42000): Unknown database 'sample'
➜  mysql mysql
Welcome to the MySQL monitor.  Commands end with ; or \g.
Your MySQL connection id is 6
Server version: 5.7.32 Homebrew

Copyright (c) 2000, 2020, Oracle and/or its affiliates. All rights reserved.

Oracle is a registered trademark of Oracle Corporation and/or its
affiliates. Other names may be trademarks of their respective
owners.

Type 'help;' or '\h' for help. Type '\c' to clear the current input statement.

mysql> create database sample;
Query OK, 1 row affected (0.00 sec)

mysql> quit
Bye
➜  mysql mysql sample < example.sql
➜  mysql mysql
Welcome to the MySQL monitor.  Commands end with ; or \g.
Your MySQL connection id is 8
Server version: 5.7.32 Homebrew

Copyright (c) 2000, 2020, Oracle and/or its affiliates. All rights reserved.

Oracle is a registered trademark of Oracle Corporation and/or its
affiliates. Other names may be trademarks of their respective
owners.

Type 'help;' or '\h' for help. Type '\c' to clear the current input statement.

mysql> use sample;
Reading table information for completion of table and column names
You can turn off this feature to get a quicker startup with -A

Database changed
mysql> show tables;
+------------------+
| Tables_in_sample |
+------------------+
| users            |
+------------------+
1 row in set (0.00 sec)

mysql> quit
Bye

*****************
*** Задание 4 ***
*****************
➜  mysql mysqldump --where="true limit 100" mysql tables help_keyword > mysql-help_keyword.sql
mysqldump: Couldn't find table: "tables"
➜  mysql mysqldump --where="true limit 100" mysql --tables help_keyword > mysql-help_keyword.sql
➜  mysql ls
MacBook-Pro-Aleksey.local.err ca.pem                        example.sql                   ibdata1                       performance_schema            server-cert.pem
MacBook-Pro-Aleksey.local.pid client-cert.pem               ib_buffer_pool                ibtmp1                        private_key.pem               server-key.pem
auto.cnf                      client-key.pem                ib_logfile0                   mysql                         public_key.pem                shop
ca-key.pem                    example                       ib_logfile1                   mysql-help_keyword.sql        sample                        sys
➜  mysql 
